// Jest Snapshot v1, https://goo.gl/fbAQLP

exports[`Form component Navigation if i have answered all questions i should be able to navagate back and forth 1`] = `
<Form>
  <div>
    <div
      className="addBreathingSpace"
    >
      <div
        className="headerWrapper"
      >
        <h2
          className="header"
        >
          SignUp
        </h2>
        <nav
          className="navBar"
        >
          <ul>
            <li>
              Details
            </li>
            <li>
              Preferences
            </li>
            <li>
              Confirm
            </li>
          </ul>
        </nav>
      </div>
      <div>
        <p>
          Man-of-war lateen sail spirits gunwalls gibbet tackle reef sails scuppers hands splice the main brace. Man-of-war plunder Davy Jones' Locker Buccaneer smartly keelhaul dance the hempen jig yo-ho-ho Plate Fleet list. Handsomely Pieces of Eight cable no prey, no pay lanyard Letter of Marque quarterdeck gangplank rum lookout. Aye log cutlass matey execution dock pressgang Shiver me timbers grog blossom jury mast pinnace. Cutlass hail-shot tender crimp Corsair me fore ye splice the main brace chandler. Nipperkin execution dock bowsprit smartly bring a spring upon her cable gally tack fore brig spirits.
        </p>
      </div>
    </div>
    <div
      className="questionContainer"
    >
      <div
        className="leftArrow"
        onClick={[Function]}
      >
         back 
      </div>
    </div>
  </div>
</Form>
`;
